
lenovo@DESKTOP-7Q6K332 MINGW64 ~/p1 (master)
$ ls -a
./  ../  .git/  start.txt

lenovo@DESKTOP-7Q6K332 MINGW64 ~/p1 (master)
$ ls
start.txt

lenovo@DESKTOP-7Q6K332 MINGW64 ~/p1 (master)
$ git status
On branch master

No commits yet

Untracked files:
  (use "git add <file>..." to include in what will be committed)
        start.txt

nothing added to commit but untracked files present (use "git add" to track)

lenovo@DESKTOP-7Q6K332 MINGW64 ~/p1 (master)
$ git add start.txt

lenovo@DESKTOP-7Q6K332 MINGW64 ~/p1 (master)
$ git status
On branch master

No commits yet

Changes to be committed:
  (use "git rm --cached <file>..." to unstage)
        new file:   start.txt


lenovo@DESKTOP-7Q6K332 MINGW64 ~/p1 (master)
$ git commit -m"practice commit"
Author identity unknown

*** Please tell me who you are.

Run

  git config --global user.email "you@example.com"
  git config --global user.name "Your Name"

to set your account's default identity.
Omit --global to set the identity only in this repository.

fatal: unable to auto-detect email address (got 'lenovo@DESKTOP-7Q6K332.(none)')

lenovo@DESKTOP-7Q6K332 MINGW64 ~/p1 (master)
$ git config user.name
gautamsbaghel

lenovo@DESKTOP-7Q6K332 MINGW64 ~/p1 (master)
$ git config user.email

lenovo@DESKTOP-7Q6K332 MINGW64 ~/p1 (master)
$ git config --global user.email "baghelgautam2001@gmail.com"

lenovo@DESKTOP-7Q6K332 MINGW64 ~/p1 (master)
$ git config user.email
baghelgautam2001@gmail.com

lenovo@DESKTOP-7Q6K332 MINGW64 ~/p1 (master)
$ git commit -m"practice commit"
[master (root-commit) fb3dbf0] practice commit
 1 file changed, 1 insertion(+)
 create mode 100644 start.txt

lenovo@DESKTOP-7Q6K332 MINGW64 ~/p1 (master)
$ git status
On branch master
Changes not staged for commit:
  (use "git add <file>..." to update what will be committed)
  (use "git restore <file>..." to discard changes in working directory)
        modified:   start.txt

no changes added to commit (use "git add" and/or "git commit -a")

lenovo@DESKTOP-7Q6K332 MINGW64 ~/p1 (master)
$ git add .

lenovo@DESKTOP-7Q6K332 MINGW64 ~/p1 (master)
$ git status
On branch master
Changes to be committed:
  (use "git restore --staged <file>..." to unstage)
        modified:   start.txt


lenovo@DESKTOP-7Q6K332 MINGW64 ~/p1 (master)
$ git restore --staged start.txt

lenovo@DESKTOP-7Q6K332 MINGW64 ~/p1 (master)
$ git status
On branch master
Changes not staged for commit:
  (use "git add <file>..." to update what will be committed)
  (use "git restore <file>..." to discard changes in working directory)
        modified:   start.txt

no changes added to commit (use "git add" and/or "git commit -a")

lenovo@DESKTOP-7Q6K332 MINGW64 ~/p1 (master)
$ git add .

lenovo@DESKTOP-7Q6K332 MINGW64 ~/p1 (master)
$ git status
On branch master
Changes to be committed:
  (use "git restore --staged <file>..." to unstage)
        modified:   start.txt


lenovo@DESKTOP-7Q6K332 MINGW64 ~/p1 (master)
$ git commit -m "modified"
[master 862d380] modified
 1 file changed, 2 insertions(+), 1 deletion(-)

lenovo@DESKTOP-7Q6K332 MINGW64 ~/p1 (master)
$ git log
commit 862d380061f00f12d8f4e56feff825237fd000c5 (HEAD -> master)
Author: gautamsbaghel <baghelgautam2001@gmail.com>
Date:   Sat Jan 1 21:17:42 2022 +0530

    modified

commit fb3dbf02ba805c85dceef6cf645aad43ac411a55
Author: gautamsbaghel <baghelgautam2001@gmail.com>
Date:   Sat Jan 1 21:07:56 2022 +0530

    practice commit

lenovo@DESKTOP-7Q6K332 MINGW64 ~/p1 (master)
$ rm -rf start.txt

lenovo@DESKTOP-7Q6K332 MINGW64 ~/p1 (master)
$ git status
On branch master
Changes not staged for commit:
  (use "git add/rm <file>..." to update what will be committed)
  (use "git restore <file>..." to discard changes in working directory)
        deleted:    start.txt

no changes added to commit (use "git add" and/or "git commit -a")

lenovo@DESKTOP-7Q6K332 MINGW64 ~/p1 (master)
$ git add .

lenovo@DESKTOP-7Q6K332 MINGW64 ~/p1 (master)
$ git commit -m "txt file deleted"
[master 6d83d8e] txt file deleted
 1 file changed, 2 deletions(-)
 delete mode 100644 start.txt

lenovo@DESKTOP-7Q6K332 MINGW64 ~/p1 (master)
$ git log
commit 6d83d8e2c1298f6471be87512b5ee5b373643c38 (HEAD -> master)
Author: gautamsbaghel <baghelgautam2001@gmail.com>
Date:   Sat Jan 1 21:21:35 2022 +0530

    txt file deleted

commit 862d380061f00f12d8f4e56feff825237fd000c5
Author: gautamsbaghel <baghelgautam2001@gmail.com>
Date:   Sat Jan 1 21:17:42 2022 +0530

    modified

commit fb3dbf02ba805c85dceef6cf645aad43ac411a55
Author: gautamsbaghel <baghelgautam2001@gmail.com>
Date:   Sat Jan 1 21:07:56 2022 +0530

    practice commit

lenovo@DESKTOP-7Q6K332 MINGW64 ~/p1 (master)
$ git reset fb3dbf02ba805c85dceef6cf645aad43ac411a55
Unstaged changes after reset:
D       start.txt

lenovo@DESKTOP-7Q6K332 MINGW64 ~/p1 (master)
$ git log
commit fb3dbf02ba805c85dceef6cf645aad43ac411a55 (HEAD -> master)
Author: gautamsbaghel <baghelgautam2001@gmail.com>
Date:   Sat Jan 1 21:07:56 2022 +0530

    practice commit

lenovo@DESKTOP-7Q6K332 MINGW64 ~/p1 (master)
$ git status
On branch master
Changes not staged for commit:
  (use "git add/rm <file>..." to update what will be committed)
  (use "git restore <file>..." to discard changes in working directory)
        deleted:    start.txt

no changes added to commit (use "git add" and/or "git commit -a")

lenovo@DESKTOP-7Q6K332 MINGW64 ~/p1 (master)
$ git add .

lenovo@DESKTOP-7Q6K332 MINGW64 ~/p1 (master)
$ git status
On branch master
Changes to be committed:
  (use "git restore --staged <file>..." to unstage)
        deleted:    start.txt


lenovo@DESKTOP-7Q6K332 MINGW64 ~/p1 (master)
$ touch surname.txt

lenovo@DESKTOP-7Q6K332 MINGW64 ~/p1 (master)
$ git status
On branch master
Changes to be committed:
  (use "git restore --staged <file>..." to unstage)
        deleted:    start.txt

Untracked files:
  (use "git add <file>..." to include in what will be committed)
        surname.txt


lenovo@DESKTOP-7Q6K332 MINGW64 ~/p1 (master)
$ touch houses.txt

lenovo@DESKTOP-7Q6K332 MINGW64 ~/p1 (master)
$ vi surname.txt

lenovo@DESKTOP-7Q6K332 MINGW64 ~/p1 (master)
$ git status
On branch master
Changes to be committed:
  (use "git restore --staged <file>..." to unstage)
        deleted:    start.txt

Untracked files:
  (use "git add <file>..." to include in what will be committed)
        houses.txt
        surname.txt


lenovo@DESKTOP-7Q6K332 MINGW64 ~/p1 (master)
$ git stash
Saved working directory and index state WIP on master: fb3dbf0 practice commit

lenovo@DESKTOP-7Q6K332 MINGW64 ~/p1 (master)
$ git status
On branch master
Untracked files:
  (use "git add <file>..." to include in what will be committed)
        houses.txt
        surname.txt

nothing added to commit but untracked files present (use "git add" to track)

lenovo@DESKTOP-7Q6K332 MINGW64 ~/p1 (master)
$ git add .

lenovo@DESKTOP-7Q6K332 MINGW64 ~/p1 (master)
$ git status
On branch master
Changes to be committed:
  (use "git restore --staged <file>..." to unstage)
        new file:   houses.txt
        new file:   surname.txt


lenovo@DESKTOP-7Q6K332 MINGW64 ~/p1 (master)
$ git stash
Saved working directory and index state WIP on master: fb3dbf0 practice commit

lenovo@DESKTOP-7Q6K332 MINGW64 ~/p1 (master)
$ git status
On branch master
nothing to commit, working tree clean

lenovo@DESKTOP-7Q6K332 MINGW64 ~/p1 (master)
$ git stash pop
On branch master
Changes to be committed:
  (use "git restore --staged <file>..." to unstage)
        new file:   houses.txt
        new file:   surname.txt

Dropped refs/stash@{0} (b520878df4c3d0b7bc4595b250b2abb945f11359)

lenovo@DESKTOP-7Q6K332 MINGW64 ~/p1 (master)
$ git add .

lenovo@DESKTOP-7Q6K332 MINGW64 ~/p1 (master)
$ git stash
Saved working directory and index state WIP on master: fb3dbf0 practice commit

lenovo@DESKTOP-7Q6K332 MINGW64 ~/p1 (master)
$ git stash clear

lenovo@DESKTOP-7Q6K332 MINGW64 ~/p1 (master)
$ git stash pop
No stash entries found.
